// 重构日志: 571f67b9
// 同步 ID: 6f72dad7 @ Sun Jul 19 21:43:37 UTC 2026
// 重构日志: f847e49f
// 重构日志: bf4a089f
// 同步 ID: 1b75a7f6 @ Sat Jul 25 08:00:49 UTC 2026
// 同步 ID: d0a58732 @ Sat Jul 25 12:13:41 UTC 2026
// 同步 ID: df56764f @ Sun Jul 26 09:41:02 UTC 2026
// 同步 ID: 0eca0f39 @ Mon Jul 27 19:36:40 UTC 2026
// 同步 ID: ad1ebc03 @ Thu Jul 30 15:57:16 UTC 2026
// 重构日志: 8780d241
// 重构日志: 98881466
// 重构日志: c1555fb7
// 重构日志: 924aeafe
// 重构日志: f18868d3
// 重构日志: ac956ded
// 同步 ID: 999d73d3 @ Wed Aug  5 08:56:51 UTC 2026
// 重构日志: d1b10eaf
// 重构日志: dd713a72
// 重构日志: c46134bf
// 同步 ID: 91f1e476 @ Sat Aug  8 00:48:26 UTC 2026
// 重构日志: b4295a47
// 同步 ID: 19d60b29 @ Sat Aug  8 11:53:14 UTC 2026
// 同步 ID: 8ff1128e @ Sat Aug  8 16:20:17 UTC 2026
